To honour the JVM settings for this build a single-use Daemon process will be forked. For more on this, please refer to https://docs.gradle.org/9.2.1/userguide/gradle_daemon.html#sec:disabling_the_daemon in the Gradle documentation.
Daemon will be stopped at the end of the build 

> Configure project :
Creating Minecraft artifacts without recompilation.

> Task :createMinecraftArtifacts UP-TO-DATE
> Task :compileJava UP-TO-DATE
> Task :generateModMetadata UP-TO-DATE
> Task :processResources UP-TO-DATE
> Task :classes UP-TO-DATE

> Task :downloadAssets
Loaded 134 artifacts from /home/runner/work/minecraft-java-mod-builds/minecraft-java-mod-builds/projects/survival-ascension/build/tmp/downloadAssets/nfrt_artifact_manifest.properties
Downloading asset index 32
Using Minecraft asset root: /home/runner/.gradle/caches/neoformruntime/assets
  ↓ https://piston-meta.mojang.com/v1/packages/a7b53da5fa967c3e8196712f1b734bbc9df44bb6/32.json

> Task :prepareServerRun

> Task :runServer
2026-08-25T11:55:14.821549903Z main WARN Advanced terminal features are not available in this environment
[11:55:14] [main/INFO] [ne.ne.fm.st.Entrypoint/]: JVM Uptime at startup: 116ms
[11:55:14] [main/INFO] [ne.ne.fm.lo.FMLLoader/]: Starting FancyModLoader version 11.0.13 (DEDICATED_SERVER in DEV)
[11:55:14] [main/INFO] [ne.ne.fm.lo.FMLLoader/]: Game directory: /home/runner/work/minecraft-java-mod-builds/minecraft-java-mod-builds/projects/survival-ascension/run
[11:55:15] [main/INFO] [ne.ne.fm.lo.EarlyServiceDiscovery/]: Found 2 early service jars (out of 100) in 19ms
[11:55:15] [main/INFO] [ne.ne.fm.lo.FMLLoader/]: Loading FML Early Services:
[11:55:15] [main/INFO] [ne.ne.fm.lo.FMLLoader/]:  - /home/runner/.gradle/caches/modules-2/files-2.1/net.neoforged.fancymodloader/earlydisplay/11.0.13/491a1bedecb33802fa118cae384b60f91f6f0241/earlydisplay-11.0.13.jar
[11:55:15] [main/INFO] [ne.ne.fm.lo.FMLLoader/]:  - /home/runner/.gradle/caches/modules-2/files-2.1/net.neoforged.fancymodloader/loader/11.0.13/c9c89eaf35535990110088224d188748d81eaecf/loader-11.0.13.jar
[11:55:15] [main/INFO] [ne.ne.fm.lo.ImmediateWindowHandler/]: Not loading early display in headless mode.
[11:55:15] [main/INFO] [ne.ne.fm.lo.mo.lo.GameLocator/]: Detected a joined NeoForge and Minecraft configuration. Applying filtering...
[11:55:15] [main/INFO] [ne.ne.fm.lo.mo.lo.InDevFolderLocator/CORE]: Got mod coordinates survivalascension%%/home/runner/work/minecraft-java-mod-builds/minecraft-java-mod-builds/projects/survival-ascension/build/classes/java/main:survivalascension%%/home/runner/work/minecraft-java-mod-builds/minecraft-java-mod-builds/projects/survival-ascension/build/resources/main from env
[11:55:15] [main/INFO] [ne.ne.fm.lo.mo.lo.JarInJarDependencyLocator/]: Found 2 dependencies adding them to mods collection
[11:55:15] [main/INFO] [ne.ne.fm.lo.mo.ModDiscoverer/]: 
     Mod List:
		Name Version (Mod Id)

		Minecraft 26.2 (minecraft)
		NeoForge 26.2.0.38-beta (neoforge)
		Survival Ascension 0.58.0-alpha.1 (survivalascension)
[11:55:15] [main/INFO] [mixin/]: SpongePowered MIXIN Subsystem Version=0.8.7 Source=file:/home/runner/.gradle/caches/modules-2/files-2.1/net.fabricmc/sponge-mixin/0.17.3+mixin.0.8.7/41c4a3984a80f4679e759fb9f495587acc5cdac7/sponge-mixin-0.17.3+mixin.0.8.7.jar Service=FML Env=SERVER
[11:55:15] [main/INFO] [ne.ne.fm.lo.FMLLoader/]: Loading FML Plugins:
[11:55:15] [main/INFO] [ne.ne.fm.lo.FMLLoader/]:  - /home/runner/.gradle/caches/modules-2/files-2.1/net.neoforged/neoforge/26.2.0.38-beta/834b865da52ab174fce8510678eba33fce08544b/neoforge-26.2.0.38-beta-universal.jar > net.neoforged.neoforge-coremods-26.2.0.38-beta.jar
[11:55:15] [main/INFO] [ne.ne.fm.lo.FMLLoader/]: Building game content classloader:
 - minecraft (composite(filtered(jar(/home/runner/work/minecraft-java-mod-builds/minecraft-java-mod-builds/projects/survival-ascension/build/moddev/artifacts/minecraft-patched-26.2.0.38-beta.jar)), filtered(jar(/home/runner/work/minecraft-java-mod-builds/minecraft-java-mod-builds/projects/survival-ascension/build/moddev/artifacts/minecraft-patched-26.2.0.38-beta.jar))))
 - mixinextras.neoforge (jar(/home/runner/.gradle/caches/modules-2/files-2.1/net.neoforged/neoforge/26.2.0.38-beta/834b865da52ab174fce8510678eba33fce08544b/neoforge-26.2.0.38-beta-universal.jar > mixinextras-neoforge-0.5.4.jar))
 - neoforge (composite(filtered(jar(/home/runner/.gradle/caches/modules-2/files-2.1/net.neoforged/neoforge/26.2.0.38-beta/834b865da52ab174fce8510678eba33fce08544b/neoforge-26.2.0.38-beta-universal.jar))))
 - net.neoforged.fml.generated (empty(VirtualJar/net.neoforged.fml.generated))
 - survivalascension (composite(folder(/home/runner/work/minecraft-java-mod-builds/minecraft-java-mod-builds/projects/survival-ascension/build/classes/java/main), folder(/home/runner/work/minecraft-java-mod-builds/minecraft-java-mod-builds/projects/survival-ascension/build/resources/main)))
[11:55:15] [main/INFO] [ne.ne.fm.lo.FMLLoader/]: Built game content classloader in 29ms
[11:55:17] [main/INFO] [MixinExtras|Service/]: Initializing MixinExtras via com.llamalad7.mixinextras.service.MixinExtrasServiceImpl(version=0.5.4).
[11:55:23] [main/WARN] [minecraft/Commands]: Ambiguity between arguments [teleport, location] and [teleport, destination] with inputs: [0.1 -0.5 .9, 0 0 0]
[11:55:23] [main/WARN] [minecraft/Commands]: Ambiguity between arguments [teleport, location] and [teleport, targets] with inputs: [0.1 -0.5 .9, 0 0 0]
[11:55:23] [main/WARN] [minecraft/Commands]: Ambiguity between arguments [teleport, destination] and [teleport, targets] with inputs: [Player, 0123, @e, dd12be42-52a9-4a91-a8a1-11c01849e498]
[11:55:23] [main/WARN] [minecraft/Commands]: Ambiguity between arguments [teleport, targets] and [teleport, destination] with inputs: [Player, 0123, dd12be42-52a9-4a91-a8a1-11c01849e498]
[11:55:23] [main/WARN] [minecraft/Commands]: Ambiguity between arguments [teleport, targets, location] and [teleport, targets, destination] with inputs: [0.1 -0.5 .9, 0 0 0]
[11:55:23] [main/WARN] [minecraft/Commands]: Ambiguity between arguments [time, set, time] and [time, set, timemarker] with inputs: [0, 0s, 0d, 0t]
[11:55:23] [main/WARN] [minecraft/Commands]: Ambiguity between arguments [time, set, timemarker] and [time, set, time] with inputs: [012]
[11:55:23] [main/WARN] [minecraft/Commands]: Ambiguity between arguments [time, of, clock, set, time] and [time, of, clock, set, timemarker] with inputs: [0, 0s, 0d, 0t]
[11:55:23] [main/WARN] [minecraft/Commands]: Ambiguity between arguments [time, of, clock, set, timemarker] and [time, of, clock, set, time] with inputs: [012]
[11:55:23] [modloading-worker-0/INFO] [ne.ne.ne.co.NeoForgeMod/NEOFORGE-MOD]: NeoForge mod loading, version 26.2.0.38-beta, for MC 26.2
[11:55:23] [modloading-worker-0/INFO] [kr.mo.su.SurvivalAscension/]: Survival Ascension 0.58.0-alpha.1 loaded: rare bounded field incidents + visible incident perimeters + multiplayer incident admission + selectable server-authoritative construction length + one-shot TBS journal guard + pre-test chunk/accounting hardening + scaled mastery + ranged shooter attribution + spear momentum drive lines + mace outer impact rings + shield guard waves + ranged projectile snapshots/impact bursts + armor affix progression + regional 3/6/9 logistics + frontline freight/local supply + tagged major targets + shovel earthworks + optional expedition biome tags + content-pack gear imprint + physical logistics/freight + civil works + destructible bastion defense
[11:55:23] [main/ERROR] [minecraft/Settings]: Failed to load properties from file: server.properties
java.nio.file.NoSuchFileException: server.properties
	at java.base/sun.nio.fs.UnixException.translateToIOException(UnixException.java:92) ~[?:?] {}
	at java.base/sun.nio.fs.UnixException.rethrowAsIOException(UnixException.java:106) ~[?:?] {}
	at java.base/sun.nio.fs.UnixException.rethrowAsIOException(UnixException.java:111) ~[?:?] {}
	at java.base/sun.nio.fs.UnixFileSystemProvider.newFileChannel(UnixFileSystemProvider.java:213) ~[?:?] {}
	at java.base/sun.nio.fs.UnixFileSystemProvider.newByteChannel(UnixFileSystemProvider.java:244) ~[?:?] {}
	at java.base/java.nio.file.Files.newByteChannel(Files.java:357) ~[?:?] {}
	at java.base/java.nio.file.Files.newByteChannel(Files.java:399) ~[?:?] {}
	at java.base/java.nio.file.spi.FileSystemProvider.newInputStream(FileSystemProvider.java:371) ~[?:?] {}
	at java.base/java.nio.file.Files.newInputStream(Files.java:154) ~[?:?] {}
	at TRANSFORMER/minecraft@26.2/net.minecraft.server.dedicated.Settings.loadFromFile(Settings.java:36) [minecraft-patched-26.2.0.38-beta.jar:?] {}
	at TRANSFORMER/minecraft@26.2/net.minecraft.server.dedicated.DedicatedServerProperties.fromFile(DedicatedServerProperties.java:158) [minecraft-patched-26.2.0.38-beta.jar:?] {}
	at TRANSFORMER/minecraft@26.2/net.minecraft.server.dedicated.DedicatedServerSettings.<init>(DedicatedServerSettings.java:12) [minecraft-patched-26.2.0.38-beta.jar:?] {}
	at TRANSFORMER/minecraft@26.2/net.minecraft.server.Main.main(Main.java:118) [minecraft-patched-26.2.0.38-beta.jar:?] {}
	at net.neoforged.fml.startup.Server.main(Server.java:19) [loader-11.0.13.jar:11.0] {}
	at java.base/jdk.internal.reflect.DirectMethodHandleAccessor.invoke(DirectMethodHandleAccessor.java:104) ~[?:?] {}
	at java.base/java.lang.reflect.Method.invoke(Method.java:565) ~[?:?] {}
	at net.neoforged.devlaunch.Main.main(Main.java:57) [DevLaunch-1.0.2.jar:?] {}
[11:55:23] [main/INFO] [mojang/YggdrasilAuthenticationService]: Environment: Environment[sessionHost=https://sessionserver.mojang.com, servicesHost=https://api.minecraftservices.com, profilesHost=https://api.mojang.com, name=PROD]
[11:55:24] [Worker-Main-2/INFO] [minecraft/Main]: No existing world data, creating new world
[11:55:25] [main/INFO] [minecraft/RecipeManager]: Loaded 1585 recipes
[11:55:25] [main/INFO] [minecraft/AdvancementTree]: Loaded 1688 advancements
[11:55:25] [main/INFO] [ne.ne.ne.co.cr.RecipePriorityManager/]: Loaded 0 recipe priority overrides
[11:55:25] [Server thread/INFO] [minecraft/DedicatedServer]: Starting minecraft server version 26.2
[11:55:25] [Server thread/INFO] [minecraft/DedicatedServer]: Loading properties
[11:55:25] [Server thread/INFO] [minecraft/DedicatedServer]: Default game type: SURVIVAL
[11:55:25] [Server thread/INFO] [minecraft/MinecraftServer]: Generating keypair
[11:55:25] [Server thread/INFO] [minecraft/DedicatedServer]: Starting Minecraft server on *:25565
[11:55:25] [Server thread/WARN] [minecraft/DedicatedServer]: **** SERVER IS RUNNING IN OFFLINE/INSECURE MODE!
[11:55:25] [Server thread/WARN] [minecraft/DedicatedServer]: The server will make no attempt to authenticate usernames. Beware.
[11:55:25] [Server thread/WARN] [minecraft/DedicatedServer]: While this makes the game possible to play without internet access, it also opens up the ability for hackers to connect with any username they choose.
[11:55:25] [Server thread/WARN] [minecraft/DedicatedServer]: To change this, set "online-mode" to "true" in the server.properties file.
[11:55:25] [Server thread/INFO] [minecraft/DedicatedServer]: Preparing level "world"
[11:55:26] [Server thread/INFO] [minecraft/LoggingLevelLoadListener]: Selecting global world spawn...
[11:55:30] [Server thread/INFO] [minecraft/LoggingLevelLoadListener]: Loading 0 persistent chunks...
[11:55:30] [Server thread/INFO] [minecraft/LoggingLevelLoadListener]: Preparing spawn area: 100%
[11:55:30] [Server thread/INFO] [minecraft/LoggingLevelLoadListener]: Time elapsed: 4740 ms
[11:55:30] [Server thread/INFO] [minecraft/DedicatedServer]: Done (5.065s)! For help, type "help"
[11:55:30] [Server thread/INFO] [minecraft/MinecraftServer]: Saving chunks for level 'ServerLevel[world]'/minecraft:overworld
[11:55:30] [Server thread/INFO] [minecraft/MinecraftServer]: Saving chunks for level 'ServerLevel[world]'/minecraft:the_end
[11:55:30] [Server thread/INFO] [minecraft/MinecraftServer]: Saving chunks for level 'ServerLevel[world]'/minecraft:the_nether
[11:55:30] [Server thread/INFO] [minecraft/MinecraftServer]: ThreadedAnvilChunkStorage (world): All chunks are saved
[11:55:30] [Server thread/INFO] [minecraft/MinecraftServer]: ThreadedAnvilChunkStorage (DIM1): All chunks are saved
[11:55:30] [Server thread/INFO] [minecraft/MinecraftServer]: ThreadedAnvilChunkStorage (DIM-1): All chunks are saved
[11:55:30] [Server thread/INFO] [minecraft/MinecraftServer]: ThreadedAnvilChunkStorage: All dimensions are saved
[11:55:30] [Server thread/INFO] [ne.ne.ne.se.pe.PermissionAPI/]: Successfully initialized permission handler neoforge:default_handler
