To honour the JVM settings for this build a single-use Daemon process will be forked. For more on this, please refer to https://docs.gradle.org/9.2.1/userguide/gradle_daemon.html#sec:disabling_the_daemon in the Gradle documentation.
Daemon will be stopped at the end of the build 

> Configure project :
Creating Minecraft artifacts without recompilation.

> Task :createMinecraftArtifacts UP-TO-DATE
> Task :compileJava UP-TO-DATE
> Task :generateModMetadata UP-TO-DATE
> Task :processResources UP-TO-DATE
> Task :classes UP-TO-DATE

> Task :downloadAssets
Loaded 134 artifacts from /home/runner/work/minecraft-java-mod-builds/minecraft-java-mod-builds/projects/survival-ascension/build/tmp/downloadAssets/nfrt_artifact_manifest.properties
Downloading asset index 32
Using Minecraft asset root: /home/runner/.gradle/caches/neoformruntime/assets
  ↓ https://piston-meta.mojang.com/v1/packages/a7b53da5fa967c3e8196712f1b734bbc9df44bb6/32.json

> Task :prepareServerRun

> Task :runServer
2026-08-29T11:58:22.475000854Z main WARN Advanced terminal features are not available in this environment
[11:58:22] [main/INFO] [ne.ne.fm.st.Entrypoint/]: JVM Uptime at startup: 109ms
[11:58:22] [main/INFO] [ne.ne.fm.lo.FMLLoader/]: Starting FancyModLoader version 11.0.13 (DEDICATED_SERVER in DEV)
[11:58:22] [main/INFO] [ne.ne.fm.lo.FMLLoader/]: Game directory: /home/runner/work/minecraft-java-mod-builds/minecraft-java-mod-builds/projects/survival-ascension/run
[11:58:22] [main/INFO] [ne.ne.fm.lo.EarlyServiceDiscovery/]: Found 2 early service jars (out of 114) in 21ms
[11:58:22] [main/INFO] [ne.ne.fm.lo.FMLLoader/]: Loading FML Early Services:
[11:58:22] [main/INFO] [ne.ne.fm.lo.FMLLoader/]:  - /home/runner/.gradle/caches/modules-2/files-2.1/net.neoforged.fancymodloader/earlydisplay/11.0.13/491a1bedecb33802fa118cae384b60f91f6f0241/earlydisplay-11.0.13.jar
[11:58:22] [main/INFO] [ne.ne.fm.lo.FMLLoader/]:  - /home/runner/.gradle/caches/modules-2/files-2.1/net.neoforged.fancymodloader/loader/11.0.13/c9c89eaf35535990110088224d188748d81eaecf/loader-11.0.13.jar
[11:58:22] [main/INFO] [ne.ne.fm.lo.ImmediateWindowHandler/]: Not loading early display in headless mode.
[11:58:22] [main/INFO] [ne.ne.fm.lo.mo.lo.GameLocator/]: Detected a joined NeoForge and Minecraft configuration. Applying filtering...
[11:58:22] [main/INFO] [ne.ne.fm.lo.mo.lo.InDevFolderLocator/CORE]: Got mod coordinates survivalascension%%/home/runner/work/minecraft-java-mod-builds/minecraft-java-mod-builds/projects/survival-ascension/build/classes/java/main:survivalascension%%/home/runner/work/minecraft-java-mod-builds/minecraft-java-mod-builds/projects/survival-ascension/build/resources/main from env
[11:58:22] [main/INFO] [ne.ne.fm.lo.UniqueModListBuilder/]: Found 2 mod files for modid amethyst_resonance, selecting 8RyryQ7j-no0B3Ssy.jar as it is the most recent based on version data:
	1.0.0 from 8RyryQ7j-no0B3Ssy.jar
	1.0.0 from amethyst_resonance-26.2-neoforge-1.0.0.jar
[11:58:22] [main/INFO] [ne.ne.fm.lo.UniqueModListBuilder/]: Found 2 mod files for modid tbos, selecting gKOBlOap-xls8dTZv.jar as it is the most recent based on version data:
	0.7.0 from gKOBlOap-xls8dTZv.jar
	0.7.0 from tbos-neoforge-26.2-0.7.0.jar
[11:58:22] [main/INFO] [ne.ne.fm.lo.UniqueModListBuilder/]: Found 2 mod files for modid terrablender, selecting kkmrDlKT-jNsOmsnb.jar as it is the most recent based on version data:
	26.2.0.0.1 from kkmrDlKT-jNsOmsnb.jar
	26.2.0.0.1 from TerraBlender-neoforge-26.2-26.2.0.0.1.jar
[11:58:22] [main/INFO] [ne.ne.fm.lo.UniqueModListBuilder/]: Found 2 mod files for modid cloth_config, selecting 9s6osm5g-zErG1kOw.jar as it is the most recent based on version data:
	26.2.155 from 9s6osm5g-zErG1kOw.jar
	26.2.155 from cloth-config-26.2.155.jar
[11:58:22] [main/INFO] [ne.ne.fm.lo.UniqueModListBuilder/]: Found 2 mod files for modid glitchcore, selecting s3dmwKy5-POAebwFo.jar as it is the most recent based on version data:
	26.2.0.0.0 from s3dmwKy5-POAebwFo.jar
	26.2.0.0.0 from GlitchCore-neoforge-26.2-26.2.0.0.0.jar
[11:58:22] [main/INFO] [ne.ne.fm.lo.UniqueModListBuilder/]: Found 2 mod files for modid biomesoplenty, selecting HXF82T3G-kYz8T08F.jar as it is the most recent based on version data:
	26.2.0.0.26 from HXF82T3G-kYz8T08F.jar
	26.2.0.0.26 from BiomesOPlenty-neoforge-26.2-26.2.0.0.26.jar
[11:58:22] [main/INFO] [ne.ne.fm.lo.UniqueModListBuilder/]: Found 2 mod files for modid architectury, selecting lhGA9TYQ-LKQeKupY.jar as it is the most recent based on version data:
	21.0.4 from lhGA9TYQ-LKQeKupY.jar
	21.0.4 from architectury-neoforge-21.0.4.jar
[11:58:23] [main/INFO] [ne.ne.fm.lo.mo.lo.JarInJarDependencyLocator/]: Found 2 dependencies adding them to mods collection
[11:58:23] [main/INFO] [ne.ne.fm.lo.mo.ModDiscoverer/]: 
     Mod List:
		Name Version (Mod Id)

		Amethyst Resonance 1.0.0 (amethyst_resonance)
		Architectury 21.0.4 (architectury)
		Biomes O' Plenty 26.2.0.0.26 (biomesoplenty)
		Cloth Config v26.2 API 26.2.155 (cloth_config)
		GlitchCore 26.2.0.0.0 (glitchcore)
		Minecraft 26.2 (minecraft)
		NeoForge 26.2.0.38-beta (neoforge)
		Survival Ascension 0.61.0-alpha.1 (survivalascension)
		TerraBlender 26.2.0.0.1 (terrablender)
		The Birth of Steve 0.7.0 (tbos)
[11:58:23] [main/INFO] [mixin/]: SpongePowered MIXIN Subsystem Version=0.8.7 Source=file:/home/runner/.gradle/caches/modules-2/files-2.1/net.fabricmc/sponge-mixin/0.17.3+mixin.0.8.7/41c4a3984a80f4679e759fb9f495587acc5cdac7/sponge-mixin-0.17.3+mixin.0.8.7.jar Service=FML Env=SERVER
[11:58:23] [main/INFO] [ne.ne.fm.lo.FMLLoader/]: Loading FML Plugins:
[11:58:23] [main/INFO] [ne.ne.fm.lo.FMLLoader/]:  - /home/runner/.gradle/caches/modules-2/files-2.1/net.neoforged/neoforge/26.2.0.38-beta/834b865da52ab174fce8510678eba33fce08544b/neoforge-26.2.0.38-beta-universal.jar > net.neoforged.neoforge-coremods-26.2.0.38-beta.jar
[11:58:23] [main/INFO] [ne.ne.fm.lo.FMLLoader/]: Building game content classloader:
 - amethyst_resonance (jar(/home/runner/.gradle/caches/modules-2/files-2.1/maven.modrinth/8RyryQ7j/no0B3Ssy/a3ac49a6202b7918d2ed22030df0b6e2906cdec8/8RyryQ7j-no0B3Ssy.jar))
 - architectury (jar(/home/runner/.gradle/caches/modules-2/files-2.1/maven.modrinth/lhGA9TYQ/LKQeKupY/243e0843b4120115d65b75a174bb9658a4d0ce13/lhGA9TYQ-LKQeKupY.jar))
 - biomesoplenty (jar(/home/runner/.gradle/caches/modules-2/files-2.1/maven.modrinth/HXF82T3G/kYz8T08F/910e02ad26071f29bb706affc90db92b64708cb9/HXF82T3G-kYz8T08F.jar))
 - cloth_config (jar(/home/runner/.gradle/caches/modules-2/files-2.1/maven.modrinth/9s6osm5g/zErG1kOw/6ea13f34b0fcdcc9299b766efa199dcc7cb73878/9s6osm5g-zErG1kOw.jar))
 - glitchcore (jar(/home/runner/.gradle/caches/modules-2/files-2.1/maven.modrinth/s3dmwKy5/POAebwFo/ed6a68cb80febcb5d03a76e5231f2aeaa372538a/s3dmwKy5-POAebwFo.jar))
 - minecraft (composite(filtered(jar(/home/runner/work/minecraft-java-mod-builds/minecraft-java-mod-builds/projects/survival-ascension/build/moddev/artifacts/minecraft-patched-26.2.0.38-beta.jar)), filtered(jar(/home/runner/work/minecraft-java-mod-builds/minecraft-java-mod-builds/projects/survival-ascension/build/moddev/artifacts/minecraft-patched-26.2.0.38-beta.jar))))
 - mixinextras.neoforge (jar(/home/runner/.gradle/caches/modules-2/files-2.1/net.neoforged/neoforge/26.2.0.38-beta/834b865da52ab174fce8510678eba33fce08544b/neoforge-26.2.0.38-beta-universal.jar > mixinextras-neoforge-0.5.4.jar))
 - neoforge (composite(filtered(jar(/home/runner/.gradle/caches/modules-2/files-2.1/net.neoforged/neoforge/26.2.0.38-beta/834b865da52ab174fce8510678eba33fce08544b/neoforge-26.2.0.38-beta-universal.jar))))
 - net.neoforged.fml.generated (empty(VirtualJar/net.neoforged.fml.generated))
 - survivalascension (composite(folder(/home/runner/work/minecraft-java-mod-builds/minecraft-java-mod-builds/projects/survival-ascension/build/classes/java/main), folder(/home/runner/work/minecraft-java-mod-builds/minecraft-java-mod-builds/projects/survival-ascension/build/resources/main)))
 - tbos (jar(/home/runner/.gradle/caches/modules-2/files-2.1/maven.modrinth/gKOBlOap/xls8dTZv/4d55c5169d9674e27b27561285c5c94a34771e9c/gKOBlOap-xls8dTZv.jar))
 - terrablender (jar(/home/runner/.gradle/caches/modules-2/files-2.1/maven.modrinth/kkmrDlKT/jNsOmsnb/827c48b36bdf5ff17a1e764ed05b18ba3f60f491/kkmrDlKT-jNsOmsnb.jar))
[11:58:23] [main/INFO] [ne.ne.fm.lo.FMLLoader/]: Built game content classloader in 35ms
[11:58:23] [main/INFO] [mixin/]: Compatibility level set to JAVA_25
[11:58:23] [main/WARN] [mixin/]: Reference map 'terrablender.refmap.json' for terrablender.neoforge.mixins.json could not be read. If this is a development environment you can ignore this message
[11:58:23] [main/WARN] [mixin/]: Reference map 'glitchcore.refmap.json' for glitchcore.mixins.json could not be read. If this is a development environment you can ignore this message
[11:58:23] [main/WARN] [mixin/]: Reference map 'glitchcore.refmap.json' for glitchcore.neoforge.mixins.json could not be read. If this is a development environment you can ignore this message
[11:58:23] [main/WARN] [mixin/]: Reference map 'biomesoplenty.refmap.json' for biomesoplenty.mixins.json could not be read. If this is a development environment you can ignore this message
[11:58:23] [main/WARN] [mixin/]: Reference map 'biomesoplenty.refmap.json' for biomesoplenty.neoforge.mixins.json could not be read. If this is a development environment you can ignore this message
[11:58:25] [main/INFO] [MixinExtras|Service/]: Initializing MixinExtras via com.llamalad7.mixinextras.service.MixinExtrasServiceImpl(version=0.5.4).
[11:58:31] [main/WARN] [minecraft/Commands]: Ambiguity between arguments [teleport, location] and [teleport, destination] with inputs: [0.1 -0.5 .9, 0 0 0]
[11:58:31] [main/WARN] [minecraft/Commands]: Ambiguity between arguments [teleport, location] and [teleport, targets] with inputs: [0.1 -0.5 .9, 0 0 0]
[11:58:31] [main/WARN] [minecraft/Commands]: Ambiguity between arguments [teleport, destination] and [teleport, targets] with inputs: [Player, 0123, @e, dd12be42-52a9-4a91-a8a1-11c01849e498]
[11:58:31] [main/WARN] [minecraft/Commands]: Ambiguity between arguments [teleport, targets] and [teleport, destination] with inputs: [Player, 0123, dd12be42-52a9-4a91-a8a1-11c01849e498]
[11:58:31] [main/WARN] [minecraft/Commands]: Ambiguity between arguments [teleport, targets, location] and [teleport, targets, destination] with inputs: [0.1 -0.5 .9, 0 0 0]
[11:58:31] [main/WARN] [minecraft/Commands]: Ambiguity between arguments [time, set, time] and [time, set, timemarker] with inputs: [0, 0s, 0d, 0t]
[11:58:31] [main/WARN] [minecraft/Commands]: Ambiguity between arguments [time, set, timemarker] and [time, set, time] with inputs: [012]
[11:58:31] [main/WARN] [minecraft/Commands]: Ambiguity between arguments [time, of, clock, set, time] and [time, of, clock, set, timemarker] with inputs: [0, 0s, 0d, 0t]
[11:58:31] [main/WARN] [minecraft/Commands]: Ambiguity between arguments [time, of, clock, set, timemarker] and [time, of, clock, set, time] with inputs: [012]
[11:58:31] [modloading-worker-0/INFO] [kr.mo.su.SurvivalAscension/]: Survival Ascension 0.61.0-alpha.1 loaded: three-phase Final Ascension boundary boss + permanent world closure + final Lv100 mobility/construction authority + orderly server-stop encounter cleanup + runtime bulk-work queue cleanup + death-authoritative encounter lifecycle + final-sequence activity lock + bounded Final Ascension acts 1-3 + canonical readiness gate + repeatable Ascension Trial + two-stage archetype-specific Apex mutation phases + contested expedition operation interdiction waves + region-targeted Apex Resonance trophies + regional integrated-terrain incidents + bounded general content encounters + targeted Deep resonance recovery + directional Combat Academy fracture lane + data-driven Apex content escorts + runtime content census + high-rank content-pack gear drops + rare bounded field incidents + visible incident perimeters + multiplayer incident admission + selectable server-authoritative construction length + one-time TBS journal restoration + pre-test chunk/accounting hardening + scaled mastery + ranged shooter attribution + spear momentum drive lines + mace outer impact rings + shield guard waves + ranged projectile snapshots/impact bursts + armor affix progression + regional 3/6/9 logistics + frontline freight/local supply + tagged major targets + shovel earthworks + optional expedition biome tags + content-pack gear imprint + physical logistics/freight + civil works + destructible bastion defense
[11:58:31] [modloading-worker-0/INFO] [ne.ne.ne.co.NeoForgeMod/NEOFORGE-MOD]: NeoForge mod loading, version 26.2.0.38-beta, for MC 26.2
[11:58:32] [modloading-sync-worker/INFO] [terrablender/]: Registered region minecraft:overworld to index 0 for type OVERWORLD
[11:58:32] [modloading-sync-worker/INFO] [terrablender/]: Registered region minecraft:nether to index 0 for type NETHER
[11:58:32] [modloading-sync-worker/INFO] [terrablender/]: Registered region biomesoplenty:overworld_primary to index 1 for type OVERWORLD
[11:58:32] [modloading-sync-worker/INFO] [terrablender/]: Registered region biomesoplenty:overworld_secondary to index 2 for type OVERWORLD
[11:58:32] [modloading-sync-worker/INFO] [terrablender/]: Registered region biomesoplenty:overworld_rare to index 3 for type OVERWORLD
[11:58:32] [modloading-sync-worker/INFO] [terrablender/]: Registered region biomesoplenty:nether_common to index 1 for type NETHER
[11:58:32] [modloading-sync-worker/INFO] [terrablender/]: Registered region biomesoplenty:nether_rare to index 2 for type NETHER
[11:58:32] [main/ERROR] [minecraft/Settings]: Failed to load properties from file: server.properties
java.nio.file.NoSuchFileException: server.properties
	at java.base/sun.nio.fs.UnixException.translateToIOException(UnixException.java:92) ~[?:?] {}
	at java.base/sun.nio.fs.UnixException.rethrowAsIOException(UnixException.java:106) ~[?:?] {}
	at java.base/sun.nio.fs.UnixException.rethrowAsIOException(UnixException.java:111) ~[?:?] {}
	at java.base/sun.nio.fs.UnixFileSystemProvider.newFileChannel(UnixFileSystemProvider.java:213) ~[?:?] {}
	at java.base/sun.nio.fs.UnixFileSystemProvider.newByteChannel(UnixFileSystemProvider.java:244) ~[?:?] {}
	at java.base/java.nio.file.Files.newByteChannel(Files.java:357) ~[?:?] {}
	at java.base/java.nio.file.Files.newByteChannel(Files.java:399) ~[?:?] {}
	at java.base/java.nio.file.spi.FileSystemProvider.newInputStream(FileSystemProvider.java:371) ~[?:?] {}
	at java.base/java.nio.file.Files.newInputStream(Files.java:154) ~[?:?] {}
	at TRANSFORMER/minecraft@26.2/net.minecraft.server.dedicated.Settings.loadFromFile(Settings.java:36) [minecraft-patched-26.2.0.38-beta.jar:?] {}
	at TRANSFORMER/minecraft@26.2/net.minecraft.server.dedicated.DedicatedServerProperties.fromFile(DedicatedServerProperties.java:158) [minecraft-patched-26.2.0.38-beta.jar:?] {}
	at TRANSFORMER/minecraft@26.2/net.minecraft.server.dedicated.DedicatedServerSettings.<init>(DedicatedServerSettings.java:12) [minecraft-patched-26.2.0.38-beta.jar:?] {}
	at TRANSFORMER/minecraft@26.2/net.minecraft.server.Main.main(Main.java:118) [minecraft-patched-26.2.0.38-beta.jar:?] {}
	at net.neoforged.fml.startup.Server.main(Server.java:19) [loader-11.0.13.jar:11.0] {}
	at java.base/jdk.internal.reflect.DirectMethodHandleAccessor.invoke(DirectMethodHandleAccessor.java:104) ~[?:?] {}
	at java.base/java.lang.reflect.Method.invoke(Method.java:565) ~[?:?] {}
	at net.neoforged.devlaunch.Main.main(Main.java:57) [DevLaunch-1.0.2.jar:?] {}
[11:58:32] [main/INFO] [mojang/YggdrasilAuthenticationService]: Environment: Environment[sessionHost=https://sessionserver.mojang.com, servicesHost=https://api.minecraftservices.com, profilesHost=https://api.mojang.com, name=PROD]
[11:58:34] [Worker-Main-1/INFO] [minecraft/Main]: No existing world data, creating new world
