Archive:  build/libs/villageguardians-0.18.2-alpha.1.jar
    testing: META-INF/                OK
    testing: META-INF/MANIFEST.MF     OK
    testing: kr/                      OK
    testing: kr/moonseungjun/         OK
    testing: kr/moonseungjun/villageguardians/   OK
    testing: kr/moonseungjun/villageguardians/RpgProgress.class   OK
    testing: kr/moonseungjun/villageguardians/VillageActionDescriptions.class   OK
    testing: kr/moonseungjun/villageguardians/VillageBossAspectSystem$Aspect.class   OK
    testing: kr/moonseungjun/villageguardians/VillageBossAspectSystem.class   OK
    testing: kr/moonseungjun/villageguardians/VillageBuildingCatalog$1.class   OK
    testing: kr/moonseungjun/villageguardians/VillageBuildingCatalog$Spec.class   OK
    testing: kr/moonseungjun/villageguardians/VillageBuildingCatalog.class   OK
    testing: kr/moonseungjun/villageguardians/VillageBuildingEnhancements$1.class   OK
    testing: kr/moonseungjun/villageguardians/VillageBuildingEnhancements.class   OK
    testing: kr/moonseungjun/villageguardians/VillageBuildingFacadeFix.class   OK
    testing: kr/moonseungjun/villageguardians/VillageBuildingInteractionRouter.class   OK
    testing: kr/moonseungjun/villageguardians/VillageBuildingSignatures$1.class   OK
    testing: kr/moonseungjun/villageguardians/VillageBuildingSignatures.class   OK
    testing: kr/moonseungjun/villageguardians/VillageClientKeys.class   OK
    testing: kr/moonseungjun/villageguardians/VillageClientUi.class   OK
    testing: kr/moonseungjun/villageguardians/VillageCombatTechniqueSystem$1.class   OK
    testing: kr/moonseungjun/villageguardians/VillageCombatTechniqueSystem.class   OK
    testing: kr/moonseungjun/villageguardians/VillageCommands.class   OK
    testing: kr/moonseungjun/villageguardians/VillageConfirmScreen.class   OK
    testing: kr/moonseungjun/villageguardians/VillageCouncilState$ExperienceResult.class   OK
    testing: kr/moonseungjun/villageguardians/VillageCouncilState$Proposal.class   OK
    testing: kr/moonseungjun/villageguardians/VillageCouncilState.class   OK
    testing: kr/moonseungjun/villageguardians/VillageDefenseResearchData.class   OK
    testing: kr/moonseungjun/villageguardians/VillageDefenseResearchSystem$Branch.class   OK
    testing: kr/moonseungjun/villageguardians/VillageDefenseResearchSystem.class   OK
    testing: kr/moonseungjun/villageguardians/VillageDefenseSystem$1.class   OK
    testing: kr/moonseungjun/villageguardians/VillageDefenseSystem.class   OK
    testing: kr/moonseungjun/villageguardians/VillageDefenseTowerBuilder.class   OK
    testing: kr/moonseungjun/villageguardians/VillageDoorSystem.class   OK
    testing: kr/moonseungjun/villageguardians/VillageEnemyArchetypeSystem$Archetype.class   OK
    testing: kr/moonseungjun/villageguardians/VillageEnemyArchetypeSystem$SpawnedEnemy.class   OK
    testing: kr/moonseungjun/villageguardians/VillageEnemyArchetypeSystem.class   OK
    testing: kr/moonseungjun/villageguardians/VillageEquipmentIdentity.class   OK
    testing: kr/moonseungjun/villageguardians/VillageEquipmentRaritySystem$1.class   OK
    testing: kr/moonseungjun/villageguardians/VillageEquipmentRaritySystem$EnhancementCandidate.class   OK
    testing: kr/moonseungjun/villageguardians/VillageEquipmentRaritySystem$FusionCandidate.class   OK
    testing: kr/moonseungjun/villageguardians/VillageEquipmentRaritySystem$Rarity.class   OK
    testing: kr/moonseungjun/villageguardians/VillageEquipmentRaritySystem.class   OK
    testing: kr/moonseungjun/villageguardians/VillageEquipmentRules.class   OK
    testing: kr/moonseungjun/villageguardians/VillageEquipmentShop$Category.class   OK
    testing: kr/moonseungjun/villageguardians/VillageEquipmentShop$Offer.class   OK
    testing: kr/moonseungjun/villageguardians/VillageEquipmentShop.class   OK
    testing: kr/moonseungjun/villageguardians/VillageFacadeMigrationSystem.class   OK
    testing: kr/moonseungjun/villageguardians/VillageFacilityScreen$Areas.class   OK
    testing: kr/moonseungjun/villageguardians/VillageFacilityScreen$DetailLine.class   OK
    testing: kr/moonseungjun/villageguardians/VillageFacilityScreen$Layout.class   OK
    testing: kr/moonseungjun/villageguardians/VillageFacilityScreen.class   OK
    testing: kr/moonseungjun/villageguardians/VillageFortressBuildings$Bounds.class   OK
    testing: kr/moonseungjun/villageguardians/VillageFortressBuildings.class   OK
    testing: kr/moonseungjun/villageguardians/VillageFortressTerrain.class   OK
    testing: kr/moonseungjun/villageguardians/VillageFundingSystem$Bundle.class   OK
    testing: kr/moonseungjun/villageguardians/VillageFundingSystem.class   OK
    testing: kr/moonseungjun/villageguardians/VillageFusionScreen$Candidate.class   OK
    testing: kr/moonseungjun/villageguardians/VillageFusionScreen$Layout.class   OK
    testing: kr/moonseungjun/villageguardians/VillageFusionScreen$Pane.class   OK
    testing: kr/moonseungjun/villageguardians/VillageFusionScreen$Panes.class   OK
    testing: kr/moonseungjun/villageguardians/VillageFusionScreen.class   OK
    testing: kr/moonseungjun/villageguardians/VillageGatePrioritySystem.class   OK
    testing: kr/moonseungjun/villageguardians/VillageGlobalMobPurgeSystem.class   OK
    testing: kr/moonseungjun/villageguardians/VillageGuardians.class   OK
    testing: kr/moonseungjun/villageguardians/VillageHealthDisplaySystem.class   OK
    testing: kr/moonseungjun/villageguardians/VillageHudSystem.class   OK
    testing: kr/moonseungjun/villageguardians/VillageInventoryPanel$Layout.class   OK
    testing: kr/moonseungjun/villageguardians/VillageInventoryPanel$Progress.class   OK
    testing: kr/moonseungjun/villageguardians/VillageInventoryPanel.class   OK
    testing: kr/moonseungjun/villageguardians/VillageLocalActionSystem.class   OK
    testing: kr/moonseungjun/villageguardians/VillageLocationRules.class   OK
    testing: kr/moonseungjun/villageguardians/VillageMercenaryData.class   OK
    testing: kr/moonseungjun/villageguardians/VillageMercenarySnapshotData.class   OK
    testing: kr/moonseungjun/villageguardians/VillageMercenarySystem$MercenaryClass.class   OK
    testing: kr/moonseungjun/villageguardians/VillageMercenarySystem$MercenarySnapshot.class   OK
    testing: kr/moonseungjun/villageguardians/VillageMercenarySystem.class   OK
    testing: kr/moonseungjun/villageguardians/VillageNetwork$OpenVillageUiPayload.class   OK
    testing: kr/moonseungjun/villageguardians/VillageNetwork$PlayerStatusPayload.class   OK
    testing: kr/moonseungjun/villageguardians/VillageNetwork$RequestPlayerStatusPayload.class   OK
    testing: kr/moonseungjun/villageguardians/VillageNetwork$SkillHudPayload.class   OK
    testing: kr/moonseungjun/villageguardians/VillageNetwork$SkillMotionPayload.class   OK
    testing: kr/moonseungjun/villageguardians/VillageNetwork$VillageUiActionPayload.class   OK
    testing: kr/moonseungjun/villageguardians/VillageNetwork.class   OK
    testing: kr/moonseungjun/villageguardians/VillagePersonalCombatSystem.class   OK
    testing: kr/moonseungjun/villageguardians/VillageProgressionData.class   OK
    testing: kr/moonseungjun/villageguardians/VillageProgressionSystem$Building.class   OK
    testing: kr/moonseungjun/villageguardians/VillageProgressionSystem.class   OK
    testing: kr/moonseungjun/villageguardians/VillageQuickChatScreen$OptionBounds.class   OK
    testing: kr/moonseungjun/villageguardians/VillageQuickChatScreen.class   OK
    testing: kr/moonseungjun/villageguardians/VillageRaidLootSystem$1.class   OK
    testing: kr/moonseungjun/villageguardians/VillageRaidLootSystem$SaleLoot.class   OK
    testing: kr/moonseungjun/villageguardians/VillageRaidLootSystem.class   OK
    testing: kr/moonseungjun/villageguardians/VillageRaidSystem.class   OK
    testing: kr/moonseungjun/villageguardians/VillageRelicData.class   OK
    testing: kr/moonseungjun/villageguardians/VillageRelicScreen$Layout.class   OK
    testing: kr/moonseungjun/villageguardians/VillageRelicScreen$RelicCard.class   OK
    testing: kr/moonseungjun/villageguardians/VillageRelicScreen.class   OK
    testing: kr/moonseungjun/villageguardians/VillageRelicSystem$Relic.class   OK
    testing: kr/moonseungjun/villageguardians/VillageRelicSystem.class   OK
    testing: kr/moonseungjun/villageguardians/VillageRespawnSystem.class   OK
    testing: kr/moonseungjun/villageguardians/VillageResultScreen.class   OK
    testing: kr/moonseungjun/villageguardians/VillageRole.class   OK
    testing: kr/moonseungjun/villageguardians/VillageRoleAbilitySystem$1.class   OK
    testing: kr/moonseungjun/villageguardians/VillageRoleAbilitySystem$ActionKind.class   OK
    testing: kr/moonseungjun/villageguardians/VillageRoleAbilitySystem$AreaKind.class   OK
    testing: kr/moonseungjun/villageguardians/VillageRoleAbilitySystem$AreaState.class   OK
    testing: kr/moonseungjun/villageguardians/VillageRoleAbilitySystem$EmpoweredArrowState.class   OK
    testing: kr/moonseungjun/villageguardians/VillageRoleAbilitySystem$MovingKind.class   OK
    testing: kr/moonseungjun/villageguardians/VillageRoleAbilitySystem$MovingSkill.class   OK
    testing: kr/moonseungjun/villageguardians/VillageRoleAbilitySystem$ScheduledAction.class   OK
    testing: kr/moonseungjun/villageguardians/VillageRoleAbilitySystem$SkillScale.class   OK
    testing: kr/moonseungjun/villageguardians/VillageRoleAbilitySystem$SlamState.class   OK
    testing: kr/moonseungjun/villageguardians/VillageRoleAbilitySystem$TimedScale.class   OK
    testing: kr/moonseungjun/villageguardians/VillageRoleAbilitySystem$TrackingArrowState.class   OK
    testing: kr/moonseungjun/villageguardians/VillageRoleAbilitySystem.class   OK
    testing: kr/moonseungjun/villageguardians/VillageRoleProgressData.class   OK
    testing: kr/moonseungjun/villageguardians/VillageRoleProgressScreen$Branch.class   OK
    testing: kr/moonseungjun/villageguardians/VillageRoleProgressScreen$CardBounds.class   OK
    testing: kr/moonseungjun/villageguardians/VillageRoleProgressScreen$SkillBubble.class   OK
    testing: kr/moonseungjun/villageguardians/VillageRoleProgressScreen$SkillEntry.class   OK
    testing: kr/moonseungjun/villageguardians/VillageRoleProgressScreen$SkillGrid.class   OK
    testing: kr/moonseungjun/villageguardians/VillageRoleProgressScreen$Tab.class   OK
    testing: kr/moonseungjun/villageguardians/VillageRoleProgressScreen$TreeBubble.class   OK
    testing: kr/moonseungjun/villageguardians/VillageRoleProgressScreen$TreeEntry.class   OK
    testing: kr/moonseungjun/villageguardians/VillageRoleProgressScreen$Viewport.class   OK
    testing: kr/moonseungjun/villageguardians/VillageRoleProgressScreen.class   OK
    testing: kr/moonseungjun/villageguardians/VillageRoleSkillSystem$1.class   OK
    testing: kr/moonseungjun/villageguardians/VillageRoleSkillSystem$ActiveSkill.class   OK
    testing: kr/moonseungjun/villageguardians/VillageRoleSkillSystem$RoleBranch.class   OK
    testing: kr/moonseungjun/villageguardians/VillageRoleSkillSystem$RoleNode.class   OK
    testing: kr/moonseungjun/villageguardians/VillageRoleSkillSystem$ScalingCoverage.class   OK
    testing: kr/moonseungjun/villageguardians/VillageRoleSkillSystem.class   OK
    testing: kr/moonseungjun/villageguardians/VillageRpgSystem$1.class   OK
    testing: kr/moonseungjun/villageguardians/VillageRpgSystem.class   OK
    testing: kr/moonseungjun/villageguardians/VillageSavedData.class   OK
    testing: kr/moonseungjun/villageguardians/VillageShopScreen$Category.class   OK
    testing: kr/moonseungjun/villageguardians/VillageShopScreen$ContentPanes.class   OK
    testing: kr/moonseungjun/villageguardians/VillageShopScreen$DetailLine.class   OK
    testing: kr/moonseungjun/villageguardians/VillageShopScreen$Layout.class   OK
    testing: kr/moonseungjun/villageguardians/VillageShopScreen$OfferCard.class   OK
    testing: kr/moonseungjun/villageguardians/VillageShopScreen$Pane.class   OK
    testing: kr/moonseungjun/villageguardians/VillageShopScreen.class   OK
    testing: kr/moonseungjun/villageguardians/VillageSimpleBuildingBuilder$1.class   OK
    testing: kr/moonseungjun/villageguardians/VillageSimpleBuildingBuilder.class   OK
    testing: kr/moonseungjun/villageguardians/VillageSkillEffectClient$Motion.class   OK
    testing: kr/moonseungjun/villageguardians/VillageSkillEffectClient.class   OK
    testing: kr/moonseungjun/villageguardians/VillageSkillEffectEntities.class   OK
    testing: kr/moonseungjun/villageguardians/VillageSkillEffectEntity.class   OK
    testing: kr/moonseungjun/villageguardians/VillageSkillEffectRenderState.class   OK
    testing: kr/moonseungjun/villageguardians/VillageSkillEffectRenderer.class   OK
    testing: kr/moonseungjun/villageguardians/VillageSkillEffectSystem$1.class   OK
    testing: kr/moonseungjun/villageguardians/VillageSkillEffectSystem.class   OK
    testing: kr/moonseungjun/villageguardians/VillageSkillHudOverlay.class   OK
    testing: kr/moonseungjun/villageguardians/VillageSkillMeshLibrary$Basis.class   OK
    testing: kr/moonseungjun/villageguardians/VillageSkillMeshLibrary$EffectMeta.class   OK
    testing: kr/moonseungjun/villageguardians/VillageSkillMeshLibrary.class   OK
    testing: kr/moonseungjun/villageguardians/VillageSkillTestPasswordScreen$Bounds.class   OK
    testing: kr/moonseungjun/villageguardians/VillageSkillTestPasswordScreen.class   OK
    testing: kr/moonseungjun/villageguardians/VillageSkillTestScreen$Content.class   OK
    testing: kr/moonseungjun/villageguardians/VillageSkillTestScreen$Layout.class   OK
    testing: kr/moonseungjun/villageguardians/VillageSkillTestScreen$MutableSkill.class   OK
    testing: kr/moonseungjun/villageguardians/VillageSkillTestScreen$SkillCard.class   OK
    testing: kr/moonseungjun/villageguardians/VillageSkillTestScreen.class   OK
    testing: kr/moonseungjun/villageguardians/VillageSkillTestSystem$ReturnPoint.class   OK
    testing: kr/moonseungjun/villageguardians/VillageSkillTestSystem.class   OK
    testing: kr/moonseungjun/villageguardians/VillageSkillTreeData.class   OK
    testing: kr/moonseungjun/villageguardians/VillageSkillTreeScreen$Branch.class   OK
    testing: kr/moonseungjun/villageguardians/VillageSkillTreeScreen$Bubble.class   OK
    testing: kr/moonseungjun/villageguardians/VillageSkillTreeScreen$NodeVisual.class   OK
    testing: kr/moonseungjun/villageguardians/VillageSkillTreeScreen$Viewport.class   OK
    testing: kr/moonseungjun/villageguardians/VillageSkillTreeScreen.class   OK
    testing: kr/moonseungjun/villageguardians/VillageSkillTreeSystem$Branch.class   OK
    testing: kr/moonseungjun/villageguardians/VillageSkillTreeSystem$Node.class   OK
    testing: kr/moonseungjun/villageguardians/VillageSkillTreeSystem.class   OK
    testing: kr/moonseungjun/villageguardians/VillageStarterKit.class   OK
    testing: kr/moonseungjun/villageguardians/VillageStatusScreen$Layout.class   OK
    testing: kr/moonseungjun/villageguardians/VillageStatusScreen$Row.class   OK
    testing: kr/moonseungjun/villageguardians/VillageStatusScreen.class   OK
    testing: kr/moonseungjun/villageguardians/VillageStructureHud.class   OK
    testing: kr/moonseungjun/villageguardians/VillageStructureShell.class   OK
    testing: kr/moonseungjun/villageguardians/VillageTimePhase.class   OK
    testing: kr/moonseungjun/villageguardians/VillageTowerProgressData.class   OK
    testing: kr/moonseungjun/villageguardians/VillageTowerResearchBonusSystem$1.class   OK
    testing: kr/moonseungjun/villageguardians/VillageTowerResearchBonusSystem.class   OK
    testing: kr/moonseungjun/villageguardians/VillageTowerSpecializationSystem$Branch.class   OK
    testing: kr/moonseungjun/villageguardians/VillageTowerSpecializationSystem$TowerKind.class   OK
    testing: kr/moonseungjun/villageguardians/VillageTowerSpecializationSystem.class   OK
    testing: kr/moonseungjun/villageguardians/VillageTownHallAccessFix.class   OK
    testing: kr/moonseungjun/villageguardians/VillageTownHallInteraction.class   OK
    testing: kr/moonseungjun/villageguardians/VillageTownHallScreen$ActionButton.class   OK
    testing: kr/moonseungjun/villageguardians/VillageTownHallScreen$ButtonBounds.class   OK
    testing: kr/moonseungjun/villageguardians/VillageTownHallScreen$DetailLine.class   OK
    testing: kr/moonseungjun/villageguardians/VillageTownHallScreen$FacilityCard.class   OK
    testing: kr/moonseungjun/villageguardians/VillageTownHallScreen$Layout.class   OK
    testing: kr/moonseungjun/villageguardians/VillageTownHallScreen$Pane.class   OK
    testing: kr/moonseungjun/villageguardians/VillageTownHallScreen$RoleCard.class   OK
    testing: kr/moonseungjun/villageguardians/VillageTownHallScreen$Section.class   OK
    testing: kr/moonseungjun/villageguardians/VillageTownHallScreen$Split.class   OK
    testing: kr/moonseungjun/villageguardians/VillageTownHallScreen$Tab.class   OK
    testing: kr/moonseungjun/villageguardians/VillageTownHallScreen.class   OK
    testing: kr/moonseungjun/villageguardians/VillageTownHallSystem.class   OK
    testing: kr/moonseungjun/villageguardians/VillageTradingSystem$SellCandidate.class   OK
    testing: kr/moonseungjun/villageguardians/VillageTradingSystem.class   OK
    testing: kr/moonseungjun/villageguardians/VillageUiController$1.class   OK
    testing: kr/moonseungjun/villageguardians/VillageUiController.class   OK
    testing: kr/moonseungjun/villageguardians/VillageUiScreen$Areas.class   OK
    testing: kr/moonseungjun/villageguardians/VillageUiScreen$ButtonArea.class   OK
    testing: kr/moonseungjun/villageguardians/VillageUiScreen$Layout.class   OK
    testing: kr/moonseungjun/villageguardians/VillageUiScreen$Pane.class   OK
    testing: kr/moonseungjun/villageguardians/VillageUiScreen.class   OK
    testing: kr/moonseungjun/villageguardians/VillageUiService$1.class   OK
    testing: kr/moonseungjun/villageguardians/VillageUiService.class   OK
    testing: kr/moonseungjun/villageguardians/VillageWarfrontSystem.class   OK
    testing: kr/moonseungjun/villageguardians/VillageWaveIntelSystem$WavePreview.class   OK
    testing: kr/moonseungjun/villageguardians/VillageWaveIntelSystem.class   OK
    testing: kr/moonseungjun/villageguardians/VillageWaveTrait.class   OK
    testing: kr/moonseungjun/villageguardians/VillageWorldSystem.class   OK
    testing: META-INF/neoforge.mods.toml   OK
    testing: META-INF/villageguardians/   OK
    testing: META-INF/villageguardians/THIRD_PARTY_NOTICES.txt   OK
    testing: META-INF/villageguardians/licensed-gui-assets.txt   OK
    testing: assets/                  OK
    testing: assets/minecraft/        OK
    testing: assets/minecraft/textures/   OK
    testing: assets/minecraft/textures/gui/   OK
    testing: assets/minecraft/textures/gui/container/   OK
    testing: assets/minecraft/textures/gui/container/inventory.png   OK
    testing: assets/minecraft/textures/gui/sprites/   OK
    testing: assets/minecraft/textures/gui/sprites/widget/   OK
    testing: assets/minecraft/textures/gui/sprites/widget/button.png   OK
    testing: assets/minecraft/textures/gui/sprites/widget/button_highlighted.png   OK
    testing: assets/villageguardians/   OK
    testing: assets/villageguardians/lang/   OK
    testing: assets/villageguardians/lang/ko_kr.json   OK
    testing: assets/villageguardians/textures/   OK
    testing: assets/villageguardians/textures/effect/   OK
    testing: assets/villageguardians/textures/effect/skill_mesh.png   OK
    testing: data/                    OK
    testing: data/villageguardians/   OK
    testing: data/villageguardians/governance/   OK
    testing: data/villageguardians/governance/default_roles.json   OK
No errors detected in compressed data of build/libs/villageguardians-0.18.2-alpha.1.jar.
