Frontier Settlement alpha.23-51 cumulative source audit: PASS
Frontier Settlement alpha.51 canonical docs audit: PASS
[main 8a31baaf2] Finalize Frontier alpha.51 retaining-heavy terraces
 12 files changed, 320 insertions(+), 1409 deletions(-)
 delete mode 100644 .github/workflows/frontier-alpha51-apply.yml
 delete mode 100644 .github/workflows/frontier-alpha51-diagnose.yml
 delete mode 100644 .github/workflows/frontier-alpha51-finalize.yml
 delete mode 100644 ci-results/frontier-alpha51-apply/latest.log
 delete mode 100644 ci-results/frontier-alpha51-bootstrap/latest.log
 create mode 100644 projects/frontier-settlement/tools/test_alpha51_docs.py
 create mode 100644 projects/frontier-settlement/tools/test_alpha51_source.py
From https://github.com/q93503128-a11y/minecraft-java-mod-builds
 * branch                main       -> FETCH_HEAD
Current branch main is up to date.
To https://github.com/q93503128-a11y/minecraft-java-mod-builds
 ! [remote rejected]     HEAD -> main (refusing to allow a GitHub App to create or update workflow `.github/workflows/build-frontier-settlement.yml` without `workflows` permission)
error: failed to push some refs to 'https://github.com/q93503128-a11y/minecraft-java-mod-builds'
From https://github.com/q93503128-a11y/minecraft-java-mod-builds
 * branch                main       -> FETCH_HEAD
Current branch main is up to date.
To https://github.com/q93503128-a11y/minecraft-java-mod-builds
 ! [remote rejected]     HEAD -> main (refusing to allow a GitHub App to create or update workflow `.github/workflows/build-frontier-settlement.yml` without `workflows` permission)
error: failed to push some refs to 'https://github.com/q93503128-a11y/minecraft-java-mod-builds'
From https://github.com/q93503128-a11y/minecraft-java-mod-builds
 * branch                main       -> FETCH_HEAD
Current branch main is up to date.
To https://github.com/q93503128-a11y/minecraft-java-mod-builds
 ! [remote rejected]     HEAD -> main (refusing to allow a GitHub App to create or update workflow `.github/workflows/build-frontier-settlement.yml` without `workflows` permission)
error: failed to push some refs to 'https://github.com/q93503128-a11y/minecraft-java-mod-builds'
From https://github.com/q93503128-a11y/minecraft-java-mod-builds
 * branch                main       -> FETCH_HEAD
Current branch main is up to date.
To https://github.com/q93503128-a11y/minecraft-java-mod-builds
 ! [remote rejected]     HEAD -> main (refusing to allow a GitHub App to create or update workflow `.github/workflows/build-frontier-settlement.yml` without `workflows` permission)
error: failed to push some refs to 'https://github.com/q93503128-a11y/minecraft-java-mod-builds'
From https://github.com/q93503128-a11y/minecraft-java-mod-builds
 * branch                main       -> FETCH_HEAD
Current branch main is up to date.
To https://github.com/q93503128-a11y/minecraft-java-mod-builds
 ! [remote rejected]     HEAD -> main (refusing to allow a GitHub App to create or update workflow `.github/workflows/build-frontier-settlement.yml` without `workflows` permission)
error: failed to push some refs to 'https://github.com/q93503128-a11y/minecraft-java-mod-builds'
From https://github.com/q93503128-a11y/minecraft-java-mod-builds
 * branch                main       -> FETCH_HEAD
Current branch main is up to date.
To https://github.com/q93503128-a11y/minecraft-java-mod-builds
 ! [remote rejected]     HEAD -> main (refusing to allow a GitHub App to create or update workflow `.github/workflows/build-frontier-settlement.yml` without `workflows` permission)
error: failed to push some refs to 'https://github.com/q93503128-a11y/minecraft-java-mod-builds'
