Arcane Circle current-source audit: PASS
catalog_90_direct_19_fusion=PASS
all_109_explicit_effect_summaries=PASS
alpha72_haste_player_npc_arcane_tempo_parity=PASS
alpha72_dispel_magic_circle_1_to_3_ceiling=PASS
alpha72_blink_solid_geometry_phase_relocation=PASS
alpha72_third_circle_visual_hitbox_lifetime_sync=PASS
alpha72_third_circle_role_audit=PASS
alpha72_third_circle_value_pass_1=PASS
alpha71_ice_storm_6s_anti_air_suppression=PASS
alpha71_phantasmal_killer_14s_terror_bond=PASS
alpha71_fourth_circle_visual_hitbox_lifetime_sync=PASS
alpha71_fourth_circle_role_audit=PASS
alpha71_fourth_circle_value_pass_1=PASS
alpha70_flame_strike_4s_vertical_column=PASS
alpha70_dominate_person_30s_person_scale_control=PASS
alpha70_fifth_circle_visual_hitbox_lifetime_sync=PASS
alpha70_fifth_circle_role_audit=PASS
alpha70_fifth_circle_value_pass_1=PASS
alpha69_mass_suggestion_20s_group_disengage=PASS
alpha69_move_earth_precision_engineering=PASS
alpha69_sunbeam_6s_solar_corridor=PASS
alpha69_freezing_sphere_10s_denial=PASS
alpha69_circle_of_death_no_execution_reentry=PASS
alpha69_sixth_circle_visual_hitbox_lifetime_sync=PASS
alpha69_sixth_circle_role_audit=PASS
alpha69_sixth_circle_value_pass_1=PASS
alpha68_seventh_circle_value_pass_1=PASS
alpha67_eighth_circle_value_pass_2=PASS
alpha66_eighth_circle_value_pass=PASS
alpha65_ground_target_and_ninth_circle_regressions=PASS
alpha65_common_grand_array_forbidden=PASS
alpha65_lifecycle_and_grimoire_regressions=PASS
