To honour the JVM settings for this build a single-use Daemon process will be forked. For more on this, please refer to https://docs.gradle.org/9.2.1/userguide/gradle_daemon.html#sec:disabling_the_daemon in the Gradle documentation.
Daemon will be stopped at the end of the build 

> Configure project :
Creating Minecraft artifacts without recompilation.

> Task :clean UP-TO-DATE

> Task :createMinecraftArtifacts
Loaded 134 artifacts from /home/runner/work/minecraft-java-mod-builds/minecraft-java-mod-builds/projects/frontier-settlement/build/tmp/createMinecraftArtifacts/nfrt_artifact_manifest.properties
[1m*** Started working on [4mdownloadManifest[0m[0m
  ↓ https://launchermeta.mojang.com/mc/game/version_manifest_v2.json
 [1m[92m✓[0m Completed [4mdownloadManifest[0m in 0.45s
[1m*** Started working on [4mdownloadJson[0m[0m
  ↓ https://launchermeta.mojang.com/mc/game/version_manifest_v2.json
  ↓ https://piston-meta.mojang.com/v1/packages/3592ebc61c6b6c33bb8228fe5a9e90221df0be68/26.2.json
 [1m[92m✓[0m Completed [4mdownloadJson[0m in 0.12s
[1m*** Started working on [4mdownloadClient[0m[0m
[1m*** Started working on [4mdownloadServer[0m[0m
  ↓ https://piston-data.mojang.com/v1/objects/2dc72797acbc1b63fc16a11c4ac393605f453754/client.jar
  ↓ https://piston-data.mojang.com/v1/objects/823e2250d24b3ddac457a60c92a6a941943fcd6a/server.jar
 [1m[92m✓[0m Completed [4mdownloadClient[0m in 0.78s
 [1m[92m✓[0m Completed [4mdownloadServer[0m in 0.93s
[1m*** Started working on [4mpreProcessJar[0m[0m
 ↳ Running external tool net.neoforged.installertools:installertools:4.0.16:fatjar
 [1m[92m✓[0m Completed [4mpreProcessJar[0m in 2.99s
[1m*** Started working on [4mbinaryPatch[0m[0m
  [33mWARNING: [0mnet.neoforged.installertools:binarypatcher:4.0.12:fatjar is not present in the artifact manifest
  ↓ https://maven.neoforged.net/releases/net/neoforged/installertools/binarypatcher/4.0.12/binarypatcher-4.0.12-fatjar.jar
 ↳ Running external tool net.neoforged.installertools:binarypatcher:4.0.12:fatjar
 [1m[92m✓[0m Completed [4mbinaryPatch[0m in 3.66s
[1m*** Started working on [4mcopyUnpatchedClasses[0m[0m
 [1m[92m✓[0m Completed [4mcopyUnpatchedClasses[0m in 3.00s
[1m*** Started working on [4mapplyDevTransforms[0m[0m
 ↳ Running external tool net.neoforged.installertools:installertools:4.0.12:fatjar
 [1m[92m✓[0m Completed [4mapplyDevTransforms[0m in 3.27s
Total runtime: 15.20s


> Task :compileJava
Note: Some input files use or override a deprecated API.
Note: Recompile with -Xlint:deprecation for details.

> Task :processResources
> Task :classes
> Task :jarJar NO-SOURCE
> Task :jar
> Task :assemble
> Task :compileTestJava NO-SOURCE
> Task :processTestResources NO-SOURCE
> Task :testClasses UP-TO-DATE
> Task :test NO-SOURCE
> Task :check UP-TO-DATE
> Task :build
gradle/actions: Writing build results to /home/runner/work/_temp/.gradle-actions/build-results/__run_5-1788859653282.json

[Incubating] Problems report is available at: file:///home/runner/work/minecraft-java-mod-builds/minecraft-java-mod-builds/projects/frontier-settlement/build/reports/problems/problems-report.html

BUILD SUCCESSFUL in 58s
5 actionable tasks: 4 executed, 1 up-to-date
