PASS: slowed RPG balance contract
test_xp_3000=level_7_xp_131
level30 attack=x2.415
level30 incoming=61.4%
level30 bonus_health=20
total_xp_to_level30=94685
PASS: expanded village territory contract
radius=96
defense_xp_multiplier=1.5
[PASS] Village progression upgrade costs are monotonic
[PASS] Smithy, personal forge, and wall upgrades improve combat
[PASS] Daily bread scales from 3 to 13
[PASS] Center-to-north-gate avenue contains no buildings
[PASS] Max storehouse+barracks doubles raid supplies
[PASS] Common tactical tree has 28 nodes with functional capstones
[PASS] Five roles expose 75 ordered role-upgrade nodes without ordinal migration
[PASS] Emergency barrier, momentum and party recovery are wired into combat
[PASS] Defense research expands from 9 to 15 upgrades
[PASS] Skill trees fit overview spacing and the shop uses compact safe actions
[PASS] Compact buildings stay inside the fortress without overlap
[PASS] Every facility entrance faces and reaches the central road or plaza
[PASS] Town hall remains at least twice a normal facility after resizing
[PASS] Closed gate spans the complete tower opening without side slits
[PASS] Wall top has a flat three-block center walkway and planned rail openings
[PASS] Wall stairs connect directly to the landing
[PASS] Return destination is inside the plaza and clear of the bell and buildings
[PASS] Compact split menus use narrow selectors, wide details and bounded action buttons
[PASS] Town hall shows current/next effects and exact repair or upgrade costs
[PASS] Status strips unreadable legacy white formatting and remains scroll-free
[PASS] Caller item is removed while inventory and keyboard access remain
[PASS] Selected equipment enhancement and rarity fusion are both available
[PASS] Building crest migration restores facade blocks instead of carving holes
[PASS] Shop, loot, mercenary, research, relic and raid contracts remain wired
[PASS] Facility selectors remain narrow while descriptions receive most of the width
[PASS] Very narrow screens switch to stacked layout without false width failures
[PASS] Town hall uses shorter cards and explicit current/next upgrade comparison
[PASS] Action buttons are capped at 108x20 or 112x20 instead of spanning panels
[PASS] Growth trees use anchored popovers and reserve the full height for main content
[PASS] Status text is dark, stripped of legacy white formatting, and fits without scrolling
[PASS] Eight readable wave traits include deterministic counters and previews
[PASS] Ten regular archetypes and four rotating bosses have distinct battlefield jobs
[PASS] Five-day milestone sieges and endless warfront tiers remain scalable
[PASS] Twelve persistent tower branches alter combat and physical tower silhouettes
[PASS] Twenty active skills use real motion, aggro and spatial sound instead of particle drawings
[PASS] CC0 fantasy visual references are documented without untracked binaries
Village Guardians v0.17.6 gameplay, UI, item and defeat contracts passed.
